{
  "version": "1.5.0",
  "plugins_used": [
    {
      "name": "ArtifactoryDetector"
    },
    {
      "name": "AWSKeyDetector"
    },
    {
      "name": "AzureStorageKeyDetector"
    },
    {
      "name": "Base64HighEntropyString",
      "limit": 4.5
    },
    {
      "name": "BasicAuthDetector"
    },
    {
      "name": "CloudantDetector"
    },
    {
      "name": "DiscordBotTokenDetector"
    },
    {
      "name": "GitHubTokenDetector"
    },
    {
      "name": "GitLabTokenDetector"
    },
    {
      "name": "HexHighEntropyString",
      "limit": 3.0
    },
    {
      "name": "IbmCloudIamDetector"
    },
    {
      "name": "IbmCosHmacDetector"
    },
    {
      "name": "IPPublicDetector"
    },
    {
      "name": "JwtTokenDetector"
    },
    {
      "name": "KeywordDetector",
      "keyword_exclude": ""
    },
    {
      "name": "MailchimpDetector"
    },
    {
      "name": "NpmDetector"
    },
    {
      "name": "OpenAIDetector"
    },
    {
      "name": "PrivateKeyDetector"
    },
    {
      "name": "PypiTokenDetector"
    },
    {
      "name": "SendGridDetector"
    },
    {
      "name": "SlackDetector"
    },
    {
      "name": "SoftlayerDetector"
    },
    {
      "name": "SquareOAuthDetector"
    },
    {
      "name": "StripeDetector"
    },
    {
      "name": "TelegramBotTokenDetector"
    },
    {
      "name": "TwilioKeyDetector"
    }
  ],
  "filters_used": [
    {
      "path": "detect_secrets.filters.allowlist.is_line_allowlisted"
    },
    {
      "path": "detect_secrets.filters.common.is_ignored_due_to_verification_policies",
      "min_level": 2
    },
    {
      "path": "detect_secrets.filters.heuristic.is_indirect_reference"
    },
    {
      "path": "detect_secrets.filters.heuristic.is_likely_id_string"
    },
    {
      "path": "detect_secrets.filters.heuristic.is_lock_file"
    },
    {
      "path": "detect_secrets.filters.heuristic.is_not_alphanumeric_string"
    },
    {
      "path": "detect_secrets.filters.heuristic.is_potential_uuid"
    },
    {
      "path": "detect_secrets.filters.heuristic.is_prefixed_with_dollar_sign"
    },
    {
      "path": "detect_secrets.filters.heuristic.is_sequential_string"
    },
    {
      "path": "detect_secrets.filters.heuristic.is_swagger_file"
    },
    {
      "path": "detect_secrets.filters.heuristic.is_templated_secret"
    }
  ],
  "results": {
    "tests/test_anonymize.py": [
      {
        "type": "Hex High Entropy String",
        "filename": "tests/test_anonymize.py",
        "hashed_secret": "af5a6c01cd19fbe21d5860196f50f98785741956",
        "is_verified": false,
        "line_number": 186
      },
      {
        "type": "Hex High Entropy String",
        "filename": "tests/test_anonymize.py",
        "hashed_secret": "b16af5269a61abf7269a2d041beba9434bb088a7",
        "is_verified": false,
        "line_number": 186
      }
    ],
    "tests/test_contract_assertions.py": [
      {
        "type": "Secret Keyword",
        "filename": "tests/test_contract_assertions.py",
        "hashed_secret": "99d72c7fc3e2e145870beab37c0b70e343ea9c3b",
        "is_verified": false,
        "line_number": 83
      },
      {
        "type": "Secret Keyword",
        "filename": "tests/test_contract_assertions.py",
        "hashed_secret": "5fc7e38bffe00ca46add89145464a2eaf759d5c2",
        "is_verified": false,
        "line_number": 170
      }
    ],
    "tests/test_llm_google_provider.py": [
      {
        "type": "Secret Keyword",
        "filename": "tests/test_llm_google_provider.py",
        "hashed_secret": "3acfb2c2b433c0ea7ff107e33df91b18e52f960f",
        "is_verified": false,
        "line_number": 49
      }
    ],
    "tests/test_orchestrators_api.py": [
      {
        "type": "Secret Keyword",
        "filename": "tests/test_orchestrators_api.py",
        "hashed_secret": "44c162429252e206a0f4db29e673ae0a1fcb24c7",
        "is_verified": false,
        "line_number": 12
      }
    ],
    "tests/test_whatif_property.py": [
      {
        "type": "Base64 High Entropy String",
        "filename": "tests/test_whatif_property.py",
        "hashed_secret": "d7e443ecc41cc5b7578b261c38bc34c1f672656b",
        "is_verified": false,
        "line_number": 43
      }
    ],
    "vei/whatif/fixtures/enron_public_context/package.json": [
      {
        "type": "Hex High Entropy String",
        "filename": "vei/whatif/fixtures/enron_public_context/package.json",
        "hashed_secret": "655cab28eb7e462c69ef413a9fc4a62636bfe431",
        "is_verified": false,
        "line_number": 23
      },
      {
        "type": "Hex High Entropy String",
        "filename": "vei/whatif/fixtures/enron_public_context/package.json",
        "hashed_secret": "1dfdce85f21eeda19a139540973cebee3f91e408",
        "is_verified": false,
        "line_number": 40
      },
      {
        "type": "Hex High Entropy String",
        "filename": "vei/whatif/fixtures/enron_public_context/package.json",
        "hashed_secret": "c7cb33b128d2291422167c5ad5e802987d4271c7",
        "is_verified": false,
        "line_number": 56
      },
      {
        "type": "Hex High Entropy String",
        "filename": "vei/whatif/fixtures/enron_public_context/package.json",
        "hashed_secret": "4c6c35d8cc0da4a4bbb7564cedbdea0da7d469fb",
        "is_verified": false,
        "line_number": 72
      },
      {
        "type": "Hex High Entropy String",
        "filename": "vei/whatif/fixtures/enron_public_context/package.json",
        "hashed_secret": "cd69c25f0ec1091f52cef28ff3a92d12a66e891c",
        "is_verified": false,
        "line_number": 88
      },
      {
        "type": "Hex High Entropy String",
        "filename": "vei/whatif/fixtures/enron_public_context/package.json",
        "hashed_secret": "d20e83523b701514163cf424490cdd80400bd782",
        "is_verified": false,
        "line_number": 104
      },
      {
        "type": "Hex High Entropy String",
        "filename": "vei/whatif/fixtures/enron_public_context/package.json",
        "hashed_secret": "86cc174c620798f084681901b94bc09e60568ef7",
        "is_verified": false,
        "line_number": 121
      },
      {
        "type": "Hex High Entropy String",
        "filename": "vei/whatif/fixtures/enron_public_context/package.json",
        "hashed_secret": "b2fcf399e65d1697e8fe9a857896d47a26e843a4",
        "is_verified": false,
        "line_number": 138
      },
      {
        "type": "Hex High Entropy String",
        "filename": "vei/whatif/fixtures/enron_public_context/package.json",
        "hashed_secret": "54a9102811bf6d0af393019e87a468a81911668f",
        "is_verified": false,
        "line_number": 155
      },
      {
        "type": "Hex High Entropy String",
        "filename": "vei/whatif/fixtures/enron_public_context/package.json",
        "hashed_secret": "6b3e575d82925209b4459582ee6bf40031d4cc00",
        "is_verified": false,
        "line_number": 172
      },
      {
        "type": "Hex High Entropy String",
        "filename": "vei/whatif/fixtures/enron_public_context/package.json",
        "hashed_secret": "3906819ed047b37e4b4408c9cda16f4977b658bc",
        "is_verified": false,
        "line_number": 189
      },
      {
        "type": "Hex High Entropy String",
        "filename": "vei/whatif/fixtures/enron_public_context/package.json",
        "hashed_secret": "2733f7b17e0e1701ffa6b4910af866ee3441367a",
        "is_verified": false,
        "line_number": 206
      },
      {
        "type": "Hex High Entropy String",
        "filename": "vei/whatif/fixtures/enron_public_context/package.json",
        "hashed_secret": "dea3fd010b81e008909057a4b46a3202249ba074",
        "is_verified": false,
        "line_number": 222
      },
      {
        "type": "Hex High Entropy String",
        "filename": "vei/whatif/fixtures/enron_public_context/package.json",
        "hashed_secret": "49d6d5aec21c9224ed8224e7f50c86059f1dbbd8",
        "is_verified": false,
        "line_number": 238
      },
      {
        "type": "Hex High Entropy String",
        "filename": "vei/whatif/fixtures/enron_public_context/package.json",
        "hashed_secret": "adc47aa534444b2f3c82f8f9d551f2e446e1fd25",
        "is_verified": false,
        "line_number": 254
      },
      {
        "type": "Hex High Entropy String",
        "filename": "vei/whatif/fixtures/enron_public_context/package.json",
        "hashed_secret": "2ee48b92750aa9ef9f33755544336777293bdf6c",
        "is_verified": false,
        "line_number": 271
      },
      {
        "type": "Hex High Entropy String",
        "filename": "vei/whatif/fixtures/enron_public_context/package.json",
        "hashed_secret": "73d518c3e13418dfff22b5d5bfebc2f1577a667e",
        "is_verified": false,
        "line_number": 287
      }
    ]
  },
  "generated_at": "2026-04-17T20:26:08Z"
}
