{
  "version": "1.5.0",
  "plugins_used": [
    {
      "name": "ArtifactoryDetector"
    },
    {
      "name": "AWSKeyDetector"
    },
    {
      "name": "AzureStorageKeyDetector"
    },
    {
      "name": "Base64HighEntropyString",
      "limit": 4.5
    },
    {
      "name": "BasicAuthDetector"
    },
    {
      "name": "CloudantDetector"
    },
    {
      "name": "DiscordBotTokenDetector"
    },
    {
      "name": "GitHubTokenDetector"
    },
    {
      "name": "GitLabTokenDetector"
    },
    {
      "name": "HexHighEntropyString",
      "limit": 3.0
    },
    {
      "name": "IbmCloudIamDetector"
    },
    {
      "name": "IbmCosHmacDetector"
    },
    {
      "name": "IPPublicDetector"
    },
    {
      "name": "JwtTokenDetector"
    },
    {
      "name": "KeywordDetector",
      "keyword_exclude": ""
    },
    {
      "name": "MailchimpDetector"
    },
    {
      "name": "NpmDetector"
    },
    {
      "name": "OpenAIDetector"
    },
    {
      "name": "PrivateKeyDetector"
    },
    {
      "name": "PypiTokenDetector"
    },
    {
      "name": "SendGridDetector"
    },
    {
      "name": "SlackDetector"
    },
    {
      "name": "SoftlayerDetector"
    },
    {
      "name": "SquareOAuthDetector"
    },
    {
      "name": "StripeDetector"
    },
    {
      "name": "TelegramBotTokenDetector"
    },
    {
      "name": "TwilioKeyDetector"
    }
  ],
  "filters_used": [
    {
      "path": "detect_secrets.filters.allowlist.is_line_allowlisted"
    },
    {
      "path": "detect_secrets.filters.common.is_ignored_due_to_verification_policies",
      "min_level": 2
    },
    {
      "path": "detect_secrets.filters.heuristic.is_indirect_reference"
    },
    {
      "path": "detect_secrets.filters.heuristic.is_likely_id_string"
    },
    {
      "path": "detect_secrets.filters.heuristic.is_lock_file"
    },
    {
      "path": "detect_secrets.filters.heuristic.is_not_alphanumeric_string"
    },
    {
      "path": "detect_secrets.filters.heuristic.is_potential_uuid"
    },
    {
      "path": "detect_secrets.filters.heuristic.is_prefixed_with_dollar_sign"
    },
    {
      "path": "detect_secrets.filters.heuristic.is_sequential_string"
    },
    {
      "path": "detect_secrets.filters.heuristic.is_swagger_file"
    },
    {
      "path": "detect_secrets.filters.heuristic.is_templated_secret"
    }
  ],
  "results": {
    "tests/test_anonymize.py": [
      {
        "type": "Hex High Entropy String",
        "filename": "tests/test_anonymize.py",
        "hashed_secret": "af5a6c01cd19fbe21d5860196f50f98785741956",
        "is_verified": false,
        "line_number": 186
      },
      {
        "type": "Hex High Entropy String",
        "filename": "tests/test_anonymize.py",
        "hashed_secret": "b16af5269a61abf7269a2d041beba9434bb088a7",
        "is_verified": false,
        "line_number": 186
      }
    ],
    "tests/test_contract_assertions.py": [
      {
        "type": "Secret Keyword",
        "filename": "tests/test_contract_assertions.py",
        "hashed_secret": "99d72c7fc3e2e145870beab37c0b70e343ea9c3b",
        "is_verified": false,
        "line_number": 83
      },
      {
        "type": "Secret Keyword",
        "filename": "tests/test_contract_assertions.py",
        "hashed_secret": "5fc7e38bffe00ca46add89145464a2eaf759d5c2",
        "is_verified": false,
        "line_number": 170
      }
    ],
    "tests/test_llm_google_provider.py": [
      {
        "type": "Secret Keyword",
        "filename": "tests/test_llm_google_provider.py",
        "hashed_secret": "3acfb2c2b433c0ea7ff107e33df91b18e52f960f",
        "is_verified": false,
        "line_number": 49
      }
    ],
    "tests/test_orchestrators_api.py": [
      {
        "type": "Secret Keyword",
        "filename": "tests/test_orchestrators_api.py",
        "hashed_secret": "44c162429252e206a0f4db29e673ae0a1fcb24c7",
        "is_verified": false,
        "line_number": 12
      }
    ],
    "tests/test_whatif_property.py": [
      {
        "type": "Base64 High Entropy String",
        "filename": "tests/test_whatif_property.py",
        "hashed_secret": "d7e443ecc41cc5b7578b261c38bc34c1f672656b",
        "is_verified": false,
        "line_number": 43
      }
    ]
  },
  "generated_at": "2026-04-18T04:55:46Z"
}
